
--- Normal Browser ---
Status: 200
Content-Type: text/plain
Location: null
Body snippet:          <!DOCTYPE html>         <html>         <head>           <meta charset="UTF-8">           <meta name="viewport" content="width=device-width, i

--- Meta In-App (Instagram) ---
Status: 200
Content-Type: text/plain
Location: null
Body snippet: <!DOCTYPE html> <html> <head>   <meta charset="UTF-8">   <meta name="viewport" content="width=device-width, initial-scale=1.0">   <title>grupovip</tit

--- Bot (Googlebot) ---
Status: 200
Content-Type: text/plain
Location: null
Body snippet: <!DOCTYPE html> <html> <head>   <meta charset="UTF-8">   <meta name="viewport" content="width=device-width, initial-scale=1.0">   <title>grupovip</tit

--- cURL ---
Status: 200
Content-Type: text/plain
Location: null
Body snippet: <!DOCTYPE html> <html> <head>   <meta charset="UTF-8">   <meta name="viewport" content="width=device-width, initial-scale=1.0">   <title>grupovip</tit
